../Core/Src/lcd1602_i2c.c:22:19:LCD_I2C_Write	32	static
../Core/Src/lcd1602_i2c.c:32:19:LCD_WriteNibble	24	static
../Core/Src/lcd1602_i2c.c:51:19:LCD_WriteCommand	16	static
../Core/Src/lcd1602_i2c.c:69:19:LCD_WriteData	16	static
../Core/Src/lcd1602_i2c.c:82:19:LCD_Init	16	static
../Core/Src/lcd1602_i2c.c:144:19:LCD_Clear	8	static
../Core/Src/lcd1602_i2c.c:152:19:LCD_Home	8	static
../Core/Src/lcd1602_i2c.c:162:19:LCD_SetCursor	24	static
../Core/Src/lcd1602_i2c.c:176:19:LCD_WriteChar	16	static
../Core/Src/lcd1602_i2c.c:185:19:LCD_Print	16	static
../Core/Src/lcd1602_i2c.c:197:19:LCD_PrintInt	32	static
../Core/Src/lcd1602_i2c.c:209:19:LCD_Printf	80	static
../Core/Src/lcd1602_i2c.c:222:19:LCD_BacklightOn	8	static
../Core/Src/lcd1602_i2c.c:231:19:LCD_BacklightOff	8	static
../Core/Src/lcd1602_i2c.c:242:19:LCD_CreateChar	24	static
../Core/Src/lcd1602_i2c.c:261:19:LCD_DisplayDamageResult	64	static
../Core/Src/lcd1602_i2c.c:297:19:LCD_DisplayNoDamage	8	static
../Core/Src/lcd1602_i2c.c:315:19:LCD_DisplayConnecting	8	static
../Core/Src/lcd1602_i2c.c:334:19:LCD_DisplayError	40	static
../Core/Src/lcd1602_i2c.c:357:19:LCD_DisplayStartup	8	static
