../Core/Src/main.c:118:5:main	48	static
../Core/Src/main.c:322:6:SystemClock_Config	72	static
../Core/Src/main.c:364:6:LCD_Send_Nibble	32	static
../Core/Src/main.c:386:6:LCD_Send_Byte	16	static
../Core/Src/main.c:394:6:LCD_Init	8	static
../Core/Src/main.c:429:6:LCD_Clear	8	static
../Core/Src/main.c:439:6:LCD_SetCursor	24	static
../Core/Src/main.c:450:6:LCD_Print	16	static
../Core/Src/main.c:460:6:LCD_Test_Basic	32	static
../Core/Src/main.c:489:6:LCD_Test_Characters	16	static
../Core/Src/main.c:523:6:LCD_Test_Backlight	24	static
../Core/Src/main.c:548:6:LCD_Test_Scrolling	32	static
../Core/Src/main.c:575:6:LCD_Display_System_Info	48	static
../Core/Src/main.c:612:6:CarDamage_Init	16	static
../Core/Src/main.c:656:6:CarDamage_RequestAnalysis	8	static
../Core/Src/main.c:674:6:CarDamage_ProcessUARTData	24	static
../Core/Src/main.c:745:6:CarDamage_ParseResponse	64	static
../Core/Src/main.c:837:6:CarDamage_DisplayResults	120	static
../Core/Src/main.c:913:6:CarDamage_DisplayStatus	32	static
../Core/Src/main.c:943:6:CarDamage_SendESP32Command	80	static
../Core/Src/main.c:953:6:HAL_UART_RxCpltCallback	16	static
../Core/Src/main.c:982:6:Error_Handler	4	static,ignoring_inline_asm
