../Core/Src/main.c:118:5:main	33
../Core/Src/main.c:322:6:SystemClock_Config	3
../Core/Src/main.c:364:6:LCD_Send_Nibble	2
../Core/Src/main.c:386:6:LCD_Send_Byte	1
../Core/Src/main.c:394:6:LCD_Init	1
../Core/Src/main.c:429:6:LCD_Clear	1
../Core/Src/main.c:439:6:LCD_SetCursor	2
../Core/Src/main.c:450:6:LCD_Print	2
../Core/Src/main.c:460:6:LCD_Test_Basic	2
../Core/Src/main.c:489:6:LCD_Test_Characters	4
../Core/Src/main.c:523:6:LCD_Test_Backlight	2
../Core/Src/main.c:548:6:LCD_Test_Scrolling	4
../Core/Src/main.c:575:6:LCD_Display_System_Info	1
../Core/Src/main.c:612:6:CarDamage_Init	1
../Core/Src/main.c:656:6:CarDamage_RequestAnalysis	2
../Core/Src/main.c:674:6:CarDamage_ProcessUARTData	14
../Core/Src/main.c:745:6:CarDamage_ParseResponse	25
../Core/Src/main.c:837:6:CarDamage_DisplayResults	13
../Core/Src/main.c:913:6:CarDamage_DisplayStatus	5
../Core/Src/main.c:943:6:CarDamage_SendESP32Command	1
../Core/Src/main.c:953:6:HAL_UART_RxCpltCallback	6
../Core/Src/main.c:982:6:Error_Handler	1
