../Core/Src/main.c:83:5:main	16
../Core/Src/main.c:226:6:SystemClock_Config	3
../Core/Src/main.c:268:6:LCD_Send_Nibble	2
../Core/Src/main.c:290:6:LCD_Send_Byte	1
../Core/Src/main.c:298:6:LCD_Init	1
../Core/Src/main.c:333:6:LCD_Clear	1
../Core/Src/main.c:343:6:LCD_SetCursor	2
../Core/Src/main.c:354:6:LCD_Print	2
../Core/Src/main.c:364:6:LCD_Test_Basic	2
../Core/Src/main.c:393:6:LCD_Test_Characters	4
../Core/Src/main.c:427:6:LCD_Test_Backlight	2
../Core/Src/main.c:452:6:LCD_Test_Scrolling	4
../Core/Src/main.c:479:6:LCD_Display_System_Info	1
../Core/Src/main.c:521:6:Error_Handler	1
