../Core/Src/main.c:83:5:main	24	static
../Core/Src/main.c:226:6:SystemClock_Config	72	static
../Core/Src/main.c:268:6:LCD_Send_Nibble	32	static
../Core/Src/main.c:290:6:LCD_Send_Byte	16	static
../Core/Src/main.c:298:6:LCD_Init	8	static
../Core/Src/main.c:333:6:LCD_Clear	8	static
../Core/Src/main.c:343:6:LCD_SetCursor	24	static
../Core/Src/main.c:354:6:LCD_Print	16	static
../Core/Src/main.c:364:6:LCD_Test_Basic	32	static
../Core/Src/main.c:393:6:LCD_Test_Characters	16	static
../Core/Src/main.c:427:6:LCD_Test_Backlight	24	static
../Core/Src/main.c:452:6:LCD_Test_Scrolling	32	static
../Core/Src/main.c:479:6:LCD_Display_System_Info	48	static
../Core/Src/main.c:521:6:Error_Handler	4	static,ignoring_inline_asm
